// Jest Snapshot v1, https://goo.gl/fbAQLP

exports[`Product tests renders the items when we have some 1`] = `
<DocumentFragment>
  <div
    class="grid"
  >
    <div
      class="grid-item"
    >
      <img
        alt="Pie"
        class="thumbnail"
        src="pie.jpg"
      />
      <h2>
        Pie
      </h2>
      <p>
        Â£3.2
      </p>
      <button>
        Add
      </button>
    </div>
  </div>
</DocumentFragment>
`;

exports[`Product tests renders the loader when there's no items 1`] = `
<DocumentFragment>
  <div
    class="grid"
  />
</DocumentFragment>
`;
